../Core/Src/main.c:130:5:main	40	static,ignoring_inline_asm
../Core/Src/main.c:363:6:SystemClock_Config	128	static
../Core/Src/main.c:410:13:MX_ADC1_Init	48	static
../Core/Src/main.c:475:13:MX_ADC2_Init	32	static
../Core/Src/main.c:528:13:MX_DAC_Init	24	static
../Core/Src/main.c:567:13:MX_I2C1_Init	8	static
../Core/Src/main.c:613:13:MX_TIM2_Init	56	static
../Core/Src/main.c:665:13:MX_TIM3_Init	40	static
../Core/Src/main.c:708:13:MX_DMA_Init	16	static
../Core/Src/main.c:730:13:MX_GPIO_Init	48	static
../Core/Src/main.c:757:6:TaskDispStatus	8	static
../Core/Src/main.c:764:6:HAL_TIM_PeriodElapsedCallback	16	static
../Core/Src/main.c:801:6:HAL_ADC_ConvCpltCallback	16	static,ignoring_inline_asm
../Core/Src/main.c:875:6:Error_Handler	4	static,ignoring_inline_asm
